= Building node for Intel =

cd node/
./configure --prefix=~/lophilo-bin --openssl-use-sys=OPENSSL_USE_SYS
make -j4


= install npm packages =

npm install -g socket.io --node-version 0.7.0
npm install -g supervisor

= Building node for ARM =

cd node/
./configure --prefix=$HOME/node-builds/arm-Linux --dest-cpu=arm --openssl-use-sys=OPENSSL_USE_SYS --without-snapshot --without-ssl


= remaining file with v7 =

out/Release/obj.target/uv/deps/uv/src/uv-common.o

= bug =

every input object is v4T:

find ./ -name "*.[ao]" -print -exec readelf -A {} \;  | egrep "(Tag_CPU_arch:)" | grep -v v4T

using the C++ compiler --sysroot= parameter and the linker --syslibroot= parameter

the linker still manages to generate a v7 executable:

rngadam@cnshaqs10:~/node$ readelf -A node
Attribute Section: aeabi
File Attributes
  Tag_CPU_name: "7-A"
  Tag_CPU_arch: v7
  Tag_CPU_arch_profile: Application
  Tag_ARM_ISA_use: Yes
  Tag_THUMB_ISA_use: Thumb-2
  Tag_FP_arch: VFPv3-D16
  Tag_ABI_PCS_wchar_t: 4
  Tag_ABI_FP_denormal: Needed
  Tag_ABI_FP_exceptions: Needed
  Tag_ABI_FP_number_model: IEEE 754
  Tag_ABI_align_needed: 8-byte
  Tag_ABI_align_preserved: 8-byte, except leaf SP
  Tag_ABI_enum_size: int
  Tag_ABI_HardFP_use: SP and DP
  Tag_DIV_use: Not allowed

MORE:

http://lists.debian.org/debian-arm/2011/11/msg00046.html

Please do not install Ubuntu cross toolchain in Debian systems. It is
armv7a by default and will not change. You should install toolchain from
Emdebian.org repository instead.

EXPECTED:

When all parameters set correctly, should be able to generate arbitrary platform binaries.

= ldr fail =

root@mini2440:~# gdb ./node/node

(gdb) run
Program received signal SIGILL, Illegal instruction.
0x00117d48 in _start ()
(gdb) bt
#0  0x00117d48 in _start ()
(gdb)  x/1xw 0x5fee4
1i 0x5fee40x5fee4:      0x65646f6e
(gdb)     x/1i 0x5fee4
0x5fee4:        ldr     r6, [r5, #116]  ; 0x74

...the platform parameters were not set for the compiler...

= same location, different error =

root@mini2440:~# gdb ./node/node
(gdb)  x/1xw 0x5fee4
0x5fee4:        0x65646f6e
(gdb)   x/1i 0x5fee4
0x5fee4:        strbvs  r6, [r4, #-3950]!       ; 0xf6e


= compiling node =

export ARCH=arm
export CXX=arm-linux-gnueabi-g++
export CXXFLAGS="-msoft-float -D__GCC_FLOAT_NOT_NEEDED  -march=armv4t -mtune=arm920t -mno-thumb-interwork -mno-thumb"
export CFLAGS="$CXXFLAGS"
export CPPFLAGS="$CXXFLAGS"
export CC=arm-linux-gnueabi-gcc
export LDFLAGS="$CXXFLAGS -L/home/rngadam/friendlyarm/opt/FriendlyARM/toolschain/4.4.3/arm-none-linux-gnueabi/sys-root/usr/lib -L/home/rngadam/friendlyarm/opt/FriendlyARM/toolschain/4.4.3/arm-none-linux-gnueabi/sys-root/lib/"

scons arch=arm armeabi=soft wordsize=32 snapshot=off library=static mode=release

= final compilation results in non-v4t = 

rngadam@cnshaqs10:~/node/deps/v8$ readelf -A *.so | grep CPU_arch
  Tag_CPU_arch: v7
  Tag_CPU_arch_profile: Application
  Tag_CPU_arch: v7
  Tag_CPU_arch_profile: Application

	arm-linux-gnueabi-g++ $CXXFLAGS -o libv8preparser.so -shared obj/release/allocation.os obj/release/bignum-dtoa.os obj/release/bignum.os obj/release/cached-powers.os obj/release/conversions.os obj/release/diy-fp.os obj/release/dtoa.os obj/release/fast-dtoa.os obj/release/fixed-dtoa.os obj/release/hashmap.os obj/release/preparse-data.os obj/release/preparser-api.os obj/release/preparser.os obj/release/scanner.os obj/release/strtod.os obj/release/token.os obj/release/unicode.os obj/release/utils.os -lpthread

= error =

with 0.7.5

$ make
make -C out BUILDTYPE=Release
make[1]: Entering directory `/home/rngadam/upstream/node/out'
  LINK(target) /home/rngadam/upstream/node/out/Release/mksnapshot
/usr/bin/ld: cannot find -lz
collect2: ld returned 1 exit status
make[1]: *** [/home/rngadam/upstream/node/out/Release/mksnapshot] Error 1
make[1]: Leaving directory `/home/rngadam/upstream/node/out'
make: *** [node] Error 2

$ find . -name "libz*"
$ ls deps/zlib
adler32.c   contrib  crc32.h    deflate.h  infback.c  inffast.h   inflate.c  inftrees.c  LICENSE     README.chromium  trees.h    zconf.h   zlib.h   zutil.h
compress.c  crc32.c  deflate.c  gzio.c     inffast.c  inffixed.h  inflate.h  inftrees.h  mozzconf.h  trees.c          uncompr.c  zlib.gyp  zutil.c

$ sudo apt-get install zlib1g-dev

= openssl for arm =

Missing opensslconf.h file:

rngadam@cnshaqs10:~/lophilo/node-aufs$ makel build
make -j`getconf _NPROCESSORS_ONLN`
make[1]: Entering directory `/home/rngadam/lophilo/node-aufs'
make -C out BUILDTYPE=Release
make[2]: Entering directory `/home/rngadam/lophilo/node-aufs/out'
  CC(target) /home/rngadam/lophilo/node-aufs/out/Release/obj.target/openssl/deps/openssl/openssl/ssl/bio_ssl.o
  CC(target) /home/rngadam/lophilo/node-aufs/out/Release/obj.target/openssl/deps/openssl/openssl/ssl/d1_both.o
In file included from ../deps/openssl/openssl/include/openssl/../../crypto/crypto.h:122:0,
                 from ../deps/openssl/openssl/include/openssl/crypto.h:1,
                 from ../deps/openssl/openssl/ssl/bio_ssl.c:63:
../deps/openssl/openssl/e_os2.h:56:33: fatal error: openssl/opensslconf.h: No such file or directory
compilation terminated.
In file included from ../deps/openssl/openssl/ssl/ssl_locl.h:124:0,
                 from ../deps/openssl/openssl/ssl/d1_both.c:119:
../deps/openssl/openssl/e_os.h:62:33: fatal error: openssl/opensslconf.h: No such file or directory
compilation terminated.
make[2]: *** [/home/rngadam/lophilo/node-aufs/out/Release/obj.target/openssl/deps/openssl/openssl/ssl/d1_both.o] Error 1
make[2]: *** Waiting for unfinished jobs....
make[2]: *** [/home/rngadam/lophilo/node-aufs/out/Release/obj.target/openssl/deps/openssl/openssl/ssl/bio_ssl.o] Error 1
make[2]: Leaving directory `/home/rngadam/lophilo/node-aufs/out'
make[1]: *** [node] Error 2
make[1]: Leaving directory `/home/rngadam/lophilo/node-aufs'
make: *** [build] Error 2


file exists as follows:

rngadam@cnshaqs10:~/lophilo/node-aufs$ find . -name opensslconf.h
./deps/openssl/config/k8/openssl/opensslconf.h
./deps/openssl/config/piii/openssl/opensslconf.h

checked out ssl and created openssl directory

--openssl-libpath=${HOME}/lophilo/openssl --openssl-includes=${HOME}/lophilo/openssl


= mksnapshot =

uses ARM mksnapshot on x86 (incompatible with cross-compilation)

$ makel build V=1
time make -j`getconf _NPROCESSORS_ONLN`
make[1]: Entering directory `/home/rngadam/lophilo/node-aufs'
make -C out BUILDTYPE=Release
make[2]: Entering directory `/home/rngadam/lophilo/node-aufs/out'
  LD_LIBRARY_PATH=/home/rngadam/lophilo/node-aufs/out/Release/lib.host:/home/rngadam/lophilo/node-aufs/out/Release/lib.target:$LD_LIBR
ARY_PATH; export LD_LIBRARY_PATH; cd ../deps/v8/tools/gyp; mkdir -p /home/rngadam/lophilo/node-aufs/out/Release/obj.target/v8_snapshot
/geni; "/home/rngadam/lophilo/node-aufs/out/Release/mksnapshot" --log-snapshot-positions --logfile "/home/rngadam/lophilo/node-aufs/ou
t/Release/obj.target/v8_snapshot/geni/snapshot.log" --noenable_armv7 --noenable_vfp3 "/home/rngadam/lophilo/node-aufs/out/Release/obj.
target/v8_snapshot/geni/snapshot.cc"
/home/rngadam/lophilo/node-aufs/out/Release/mksnapshot: 1: Syntax error: word unexpected (expecting ")")
make[2]: *** [/home/rngadam/lophilo/node-aufs/out/Release/obj.target/v8_snapshot/geni/snapshot.cc] Error 2
make[2]: Leaving directory `/home/rngadam/lophilo/node-aufs/out'
make[1]: *** [node] Error 2
make[1]: Leaving directory `/home/rngadam/lophilo/node-aufs'
Command exited with non-zero status 2
0.41user 0.10system 0:00.55elapsed 92%CPU (0avgtext+0avgdata 14672maxresident)k
0inputs+2040outputs (0major+9799minor)pagefaults 0swaps
make: *** [build] Error 2

= openssl probing v7 instruction =

root@squeeze1:/etc/apt/sources.list.d# gdb node
(gdb) run
Starting program: /usr/bin/node
[Thread debugging using libthread_db enabled]

Program received signal SIGILL, Illegal instruction.
0x000e1980 in _armv7_neon_probe ()
(gdb) bt
#0  0x000e1980 in _armv7_neon_probe ()
#1  0x00047490 in OPENSSL_cpuid_setup ()
#2  0x001ba2d8 in __libc_csu_init ()
#3  0xb68f74c4 in __libc_start_main () from /lib/libc.so.6
#4  0x000474f8 in _start ()
(gdb)

